../Core/Src/main.c:86:11:PID	80	static
../Core/Src/main.c:124:5:main	72	static
../Core/Src/main.c:231:6:SystemClock_Config	88	static
../Core/Src/main.c:281:13:MX_I2C1_Init	8	static
../Core/Src/main.c:329:13:MX_I2C4_Init	8	static
../Core/Src/main.c:377:13:MX_TIM3_Init	64	static
../Core/Src/main.c:436:13:MX_USART3_UART_Init	8	static
../Core/Src/main.c:471:13:MX_USB_OTG_FS_PCD_Init	8	static
../Core/Src/main.c:506:13:MX_GPIO_Init	56	static
../Core/Src/main.c:596:6:Error_Handler	4	static,ignoring_inline_asm
